========================================
执行时间：2026-03-12 09:28:59
========================================
============================================================
医疗健康行业热点抓取系统
============================================================

执行日期：2026-03-12

[1/4] 正在抓取新闻...
正在抓取 生物谷...
  正则匹配到 15 条新闻
  抓取到 10 条新闻
跳过 动脉网 (未启用)
跳过 医药魔方 (未启用)
共抓取到 10 条新闻

[2/4] 正在筛选高价值热点...
精选 3 条热点
  1. [13分] Cell子刊：朱墨桃/杨尹默巧用异源自噬，瘤内益生菌新抗原唤醒CD4 T细胞狙击胰腺癌...
  2. [11分] 金赛药业肿瘤新药GenSci128片获FDA孤儿药认定...
  3. [9分] Cell：针对小鼠少突胶质细胞的新图谱促进了对神经系统疾病的理解...

[3/4] 正在生成文章草稿...

[4/4] 正在保存草稿...

============================================================
✅ 完成！
============================================================
草稿文件：/home/admin/.openclaw/workspace/articles/drafts/2026-03-12.md
热点数量：3
信息来源：生物谷
✅ 草稿生成成功：/home/admin/.openclaw/workspace/articles/drafts/2026-03-12.md

========================================
执行时间：2026-03-12 10:05:16
========================================
============================================================
医疗健康行业热点抓取系统
============================================================

执行日期：2026-03-12

[1/4] 正在抓取新闻...
正在抓取 生物谷...
  正则匹配到 15 条新闻
  抓取到 10 条新闻
跳过 动脉网 (未启用)
跳过 医药魔方 (未启用)
共抓取到 10 条新闻

[2/4] 正在筛选高价值热点...
精选 3 条热点
  1. [13分] Cell子刊：朱墨桃/杨尹默巧用异源自噬，瘤内益生菌新抗原唤醒CD4 T细胞狙击胰腺癌...
  2. [11分] 金赛药业肿瘤新药GenSci128片获FDA孤儿药认定...
  3. [9分] Cell：针对小鼠少突胶质细胞的新图谱促进了对神经系统疾病的理解...

[3/4] 正在生成文章草稿...

[4/4] 正在保存草稿...

============================================================
✅ 完成！
============================================================
草稿文件：/home/admin/.openclaw/workspace/articles/drafts/2026-03-12.md
热点数量：3
信息来源：生物谷
✅ 草稿生成成功：/home/admin/.openclaw/workspace/articles/drafts/2026-03-12.md

========================================
执行时间：2026-03-13 10:57:23
========================================
============================================================
医疗健康行业热点抓取系统
============================================================

执行日期：2026-03-13

[1/4] 正在抓取新闻...
正在抓取 生物谷...
  正则匹配到 15 条新闻
  抓取到 10 条新闻
跳过 动脉网 (未启用)
跳过 医药魔方 (未启用)
共抓取到 10 条新闻

[2/4] 正在筛选高价值热点...
精选 3 条热点
  1. [16分] Mol Cell：维生素B7揭示了一些癌症中新的代谢弱点...
  2. [7分] Am J Pathol：癌症转移的“潜伏者”——科学家揪出乳腺癌扩散的关键元凶...
  3. [5分] Blood：血栓里的&quot;硬化剂&quot;，暨南大学逯丹等破译免疫血栓新概念，开辟半暗带救治...

[3/4] 正在生成文章草稿...

[4/4] 正在保存草稿...

============================================================
✅ 完成！
============================================================
草稿文件：/home/admin/.openclaw/workspace/articles/drafts/2026-03-13.md
热点数量：3
信息来源：生物谷
✅ 草稿生成成功：/home/admin/.openclaw/workspace/articles/drafts/2026-03-13.md
📤 正在自动推送到钉钉...
📤 正在推送 2026-03-13 的医疗健康行业热点日报到钉钉...
📁 文件：/home/admin/.openclaw/workspace/articles/drafts/2026-03-13.md

│
◇  Doctor changes ────────────────────────╮
│                                         │
│  dingtalk configured, not enabled yet.  │
│  wecom configured, not enabled yet.     │
│                                         │
├─────────────────────────────────────────╯
│
◇  Doctor ──────────────────────────────────────────────╮
│                                                       │
│  Run "openclaw doctor --fix" to apply these changes.  │
│                                                       │
├───────────────────────────────────────────────────────╯
✅ Sent via DingTalk. Message ID: ORGsCMJElQqzO/Ty4L37O5R4msFN8dPdarDNcY/h1dA=

✅ 钉钉推送完成！

💡 提示：如需发送到公众号，请复制上述内容到公众号后台编辑发布
✅ 钉钉推送完成

========================================
执行时间：2026-03-13 11:56:40
========================================
============================================================
医疗健康行业热点抓取系统
============================================================

执行日期：2026-03-13

[1/4] 正在抓取新闻...
正在抓取 生物谷...
  正则匹配到 15 条新闻
  抓取到 10 条新闻
跳过 动脉网 (未启用)
跳过 医药魔方 (未启用)
共抓取到 10 条新闻

[2/4] 正在筛选高价值热点...
精选 3 条热点
  1. [16分] Mol Cell：维生素B7揭示了一些癌症中新的代谢弱点...
  2. [13分] Nature：儿童脑瘤也有“社区规划”？科学家绘制出室管膜瘤的细胞“邻里关系图”...
  3. [7分] Cancer Res：中山大学潘志忠/林俊忠/周驰揭示乳酸化修饰驱动PKM2入核，充当“代谢开关”连...

[3/4] 正在生成文章草稿...

[4/4] 正在保存草稿...

============================================================
✅ 完成！
============================================================
草稿文件：/home/admin/.openclaw/workspace/articles/drafts/2026-03-13.md
热点数量：3
信息来源：生物谷
✅ 草稿生成成功：/home/admin/.openclaw/workspace/articles/drafts/2026-03-13.md
📤 正在自动推送到钉钉...
📤 正在推送 2026-03-13 的医疗健康行业热点日报到钉钉...
📁 文件：/home/admin/.openclaw/workspace/articles/drafts/2026-03-13.md

========================================
执行时间：2026-03-17 13:32:12
========================================
============================================================
医疗健康行业热点抓取系统
============================================================

执行日期：2026-03-17

[1/4] 正在抓取新闻...
正在抓取 生物谷...
  正则匹配到 15 条新闻
  抓取到 10 条新闻
跳过 动脉网 (未启用)
跳过 医药魔方 (未启用)
共抓取到 10 条新闻

[2/4] 正在筛选高价值热点...
精选 3 条热点
  1. [15分] Science：突破“不可成药”KRAS！胰腺癌“癌前拦截”显神效，早干预存活率近翻倍...
  2. [12分] 伟哥不仅“助性”，还能救命？！Cell：西地那非展现治疗线粒体疾病Leigh综合征的巨大潜力...
  3. [9分] Cell Death Discov：脑子里的“清道夫”罢工了——揭示一种罕见基因突变如何引发神经“内...

[3/4] 正在生成文章草稿...

[4/4] 正在保存草稿...

============================================================
✅ 完成！
============================================================
草稿文件：/home/admin/.openclaw/workspace/articles/drafts/2026-03-17.md
热点数量：3
信息来源：生物谷
✅ 草稿生成成功：/home/admin/.openclaw/workspace/articles/drafts/2026-03-17.md
📤 正在自动推送到钉钉...
📤 正在推送 2026-03-17 的医疗健康行业热点日报到钉钉...
📁 文件：/home/admin/.openclaw/workspace/articles/drafts/2026-03-17.md

/home/admin/.openclaw/workspace/scripts/send_to_dingtalk.sh: line 38: openclaw: command not found
========================================
执行时间：2026-03-17 13:35:05
========================================
============================================================
医疗健康行业热点抓取系统
============================================================

执行日期：2026-03-17

[1/4] 正在抓取新闻...
正在抓取 生物谷...
  正则匹配到 15 条新闻
  抓取到 10 条新闻
跳过 动脉网 (未启用)
跳过 医药魔方 (未启用)
共抓取到 10 条新闻

[2/4] 正在筛选高价值热点...
精选 3 条热点
  1. [15分] Science：突破“不可成药”KRAS！胰腺癌“癌前拦截”显神效，早干预存活率近翻倍...
  2. [12分] 伟哥不仅“助性”，还能救命？！Cell：西地那非展现治疗线粒体疾病Leigh综合征的巨大潜力...
  3. [9分] Cell Death Discov：脑子里的“清道夫”罢工了——揭示一种罕见基因突变如何引发神经“内...

[3/4] 正在生成文章草稿...

[4/4] 正在保存草稿...
Traceback (most recent call last):
  File "/home/admin/.openclaw/workspace/scripts/healthcare_news_scraper.py", line 444, in <module>
    main()
  File "/home/admin/.openclaw/workspace/scripts/healthcare_news_scraper.py", line 434, in main
    filepath = save_draft(draft, today)
  File "/home/admin/.openclaw/workspace/scripts/healthcare_news_scraper.py", line 392, in save_draft
    with open(filepath, "w", encoding="utf-8") as f:
PermissionError: [Errno 13] Permission denied: '/home/admin/.openclaw/workspace/articles/drafts/2026-03-17.md'
========================================
执行时间：2026-03-17 13:36:31
========================================
============================================================
医疗健康行业热点抓取系统
============================================================

执行日期：2026-03-17

[1/4] 正在抓取新闻...
正在抓取 生物谷...
  正则匹配到 15 条新闻
  抓取到 10 条新闻
跳过 动脉网 (未启用)
跳过 医药魔方 (未启用)
共抓取到 10 条新闻

[2/4] 正在筛选高价值热点...
精选 3 条热点
  1. [15分] Science：突破“不可成药”KRAS！胰腺癌“癌前拦截”显神效，早干预存活率近翻倍...
  2. [12分] 伟哥不仅“助性”，还能救命？！Cell：西地那非展现治疗线粒体疾病Leigh综合征的巨大潜力...
  3. [9分] Cell Death Discov：脑子里的“清道夫”罢工了——揭示一种罕见基因突变如何引发神经“内...

[3/4] 正在生成文章草稿...

[4/4] 正在保存草稿...
Traceback (most recent call last):
  File "/home/admin/.openclaw/workspace/scripts/healthcare_news_scraper.py", line 444, in <module>
    main()
  File "/home/admin/.openclaw/workspace/scripts/healthcare_news_scraper.py", line 434, in main
    filepath = save_draft(draft, today)
  File "/home/admin/.openclaw/workspace/scripts/healthcare_news_scraper.py", line 392, in save_draft
    with open(filepath, "w", encoding="utf-8") as f:
PermissionError: [Errno 13] Permission denied: '/home/admin/.openclaw/workspace/articles/drafts/2026-03-17.md'
========================================
执行时间：2026-03-17 13:37:23
========================================
============================================================
医疗健康行业热点抓取系统
============================================================

执行日期：2026-03-17

[1/4] 正在抓取新闻...
正在抓取 生物谷...
  正则匹配到 15 条新闻
  抓取到 10 条新闻
跳过 动脉网 (未启用)
跳过 医药魔方 (未启用)
共抓取到 10 条新闻

[2/4] 正在筛选高价值热点...
精选 3 条热点
  1. [15分] Science：突破“不可成药”KRAS！胰腺癌“癌前拦截”显神效，早干预存活率近翻倍...
  2. [12分] 伟哥不仅“助性”，还能救命？！Cell：西地那非展现治疗线粒体疾病Leigh综合征的巨大潜力...
  3. [9分] Cell Death Discov：脑子里的“清道夫”罢工了——揭示一种罕见基因突变如何引发神经“内...

[3/4] 正在生成文章草稿...

[4/4] 正在保存草稿...

============================================================
✅ 完成！
============================================================
草稿文件：/home/admin/.openclaw/workspace/articles/drafts/2026-03-17.md
热点数量：3
信息来源：生物谷
✅ 草稿生成成功：/home/admin/.openclaw/workspace/articles/drafts/2026-03-17.md
📤 正在自动推送到钉钉...
📤 正在推送 2026-03-17 的医疗健康行业热点日报到钉钉...
📁 文件：/home/admin/.openclaw/workspace/articles/drafts/2026-03-17.md

/home/admin/.openclaw/workspace/scripts/send_to_dingtalk.sh: line 38: openclaw: command not found
========================================
执行时间：2026-03-17 13:37:38
========================================
============================================================
医疗健康行业热点抓取系统
============================================================

执行日期：2026-03-17

[1/4] 正在抓取新闻...
正在抓取 生物谷...
  正则匹配到 15 条新闻
  抓取到 10 条新闻
跳过 动脉网 (未启用)
跳过 医药魔方 (未启用)
共抓取到 10 条新闻

[2/4] 正在筛选高价值热点...
精选 3 条热点
  1. [15分] Science：突破“不可成药”KRAS！胰腺癌“癌前拦截”显神效，早干预存活率近翻倍...
  2. [12分] 伟哥不仅“助性”，还能救命？！Cell：西地那非展现治疗线粒体疾病Leigh综合征的巨大潜力...
  3. [8分] Brain Med：自主运动或能通过肠道微生物群来重塑机体的色氨酸代谢...

[3/4] 正在生成文章草稿...

[4/4] 正在保存草稿...
Traceback (most recent call last):
  File "/home/admin/.openclaw/workspace/scripts/healthcare_news_scraper.py", line 444, in <module>
    main()
  File "/home/admin/.openclaw/workspace/scripts/healthcare_news_scraper.py", line 434, in main
    filepath = save_draft(draft, today)
  File "/home/admin/.openclaw/workspace/scripts/healthcare_news_scraper.py", line 392, in save_draft
    with open(filepath, "w", encoding="utf-8") as f:
PermissionError: [Errno 13] Permission denied: '/home/admin/.openclaw/workspace/articles/drafts/2026-03-17.md'
========================================
执行时间：2026-03-17 13:37:49
========================================
============================================================
医疗健康行业热点抓取系统
============================================================

执行日期：2026-03-17

[1/4] 正在抓取新闻...
正在抓取 生物谷...
  正则匹配到 15 条新闻
  抓取到 10 条新闻
跳过 动脉网 (未启用)
跳过 医药魔方 (未启用)
共抓取到 10 条新闻

[2/4] 正在筛选高价值热点...
精选 3 条热点
  1. [15分] Science：突破“不可成药”KRAS！胰腺癌“癌前拦截”显神效，早干预存活率近翻倍...
  2. [12分] 伟哥不仅“助性”，还能救命？！Cell：西地那非展现治疗线粒体疾病Leigh综合征的巨大潜力...
  3. [8分] Brain Med：自主运动或能通过肠道微生物群来重塑机体的色氨酸代谢...

[3/4] 正在生成文章草稿...

[4/4] 正在保存草稿...
Traceback (most recent call last):
  File "/home/admin/.openclaw/workspace/scripts/healthcare_news_scraper.py", line 444, in <module>
    main()
  File "/home/admin/.openclaw/workspace/scripts/healthcare_news_scraper.py", line 434, in main
    filepath = save_draft(draft, today)
  File "/home/admin/.openclaw/workspace/scripts/healthcare_news_scraper.py", line 392, in save_draft
    with open(filepath, "w", encoding="utf-8") as f:
PermissionError: [Errno 13] Permission denied: '/home/admin/.openclaw/workspace/articles/drafts/2026-03-17.md'
========================================
执行时间：2026-03-17 13:38:10
========================================
============================================================
医疗健康行业热点抓取系统
============================================================

执行日期：2026-03-17

[1/4] 正在抓取新闻...
正在抓取 生物谷...
  正则匹配到 15 条新闻
  抓取到 10 条新闻
跳过 动脉网 (未启用)
跳过 医药魔方 (未启用)
共抓取到 10 条新闻

[2/4] 正在筛选高价值热点...
精选 3 条热点
  1. [15分] Science：突破“不可成药”KRAS！胰腺癌“癌前拦截”显神效，早干预存活率近翻倍...
  2. [12分] 伟哥不仅“助性”，还能救命？！Cell：西地那非展现治疗线粒体疾病Leigh综合征的巨大潜力...
  3. [8分] Brain Med：自主运动或能通过肠道微生物群来重塑机体的色氨酸代谢...

[3/4] 正在生成文章草稿...

[4/4] 正在保存草稿...

============================================================
✅ 完成！
============================================================
草稿文件：/home/admin/.openclaw/workspace/articles/drafts/2026-03-17.md
热点数量：3
信息来源：生物谷
✅ 草稿生成成功：/home/admin/.openclaw/workspace/articles/drafts/2026-03-17.md
📤 正在自动推送到钉钉...
📤 正在推送 2026-03-17 的医疗健康行业热点日报到钉钉...
📁 文件：/home/admin/.openclaw/workspace/articles/drafts/2026-03-17.md

│
◇  Doctor changes ────────────────────────╮
│                                         │
│  dingtalk configured, not enabled yet.  │
│  wecom configured, not enabled yet.     │
│                                         │
├─────────────────────────────────────────╯
│
◇  Doctor ──────────────────────────────────────────────╮
│                                                       │
│  Run "openclaw doctor --fix" to apply these changes.  │
│                                                       │
├───────────────────────────────────────────────────────╯
✅ Sent via DingTalk. Message ID: 4d0IqL3KFgwuXwm5YNIjd/Pw1HH078LTsWVYcKjHSC0=

✅ 钉钉推送完成！

💡 提示：如需发送到公众号，请复制上述内容到公众号后台编辑发布
✅ 钉钉推送完成
📤 正在发布到微信公众号...
{"success": true, "title": "医疗健康行业热点日报", "template": "viral", "draft_media_id": "mlIxAcc-H66lIBLKzmTMDPmTf1qjsAeyQTdFhP47Yrf6ejPwo8DSXKbv1WUIi_b6", "preview_html": "/home/admin/skills/wechat-article-publisher/医疗健康行业热点日报-wechat-preview.html", "publish_id": 2247483670}
✅ 微信公众号发布完成

========================================
执行时间：2026-03-17 14:13:34
========================================
============================================================
医疗健康行业热点抓取系统
============================================================

执行日期：2026-03-17

[1/4] 正在抓取新闻...
正在抓取 生物谷...
  正则匹配到 15 条新闻
  抓取到 15 条新闻
正在抓取 动脉网...
  正则匹配到 0 条新闻
  抓取到 0 条新闻
正在抓取 医药魔方...
  正则匹配到 16 条新闻
  抓取到 15 条新闻
共抓取到 30 条新闻

[2/4] 正在筛选高价值热点...
精选 10 条热点
  1. [15分] Science：突破“不可成药”KRAS！胰腺癌“癌前拦截”显神效，早干预存活率近翻倍...
  2. [12分] 伟哥不仅“助性”，还能救命？！Cell：西地那非展现治疗线粒体疾病Leigh综合征的巨大潜力...
  3. [10分] 看不见的大脑活动变得可见？Nat Methods发表突破性活体组织透明技术...
  4. [9分] Cell Death Discov：脑子里的“清道夫”罢工了——揭示一种罕见基因突变如何引发神经“内...
  5. [9分] Dev Cell：浙江大学孟卓贤/严盛合作揭示BAF60C通过β细胞-巨噬细胞通讯调控胰岛稳态新机制...
  6. [8分] Brain Med：自主运动或能通过肠道微生物群来重塑机体的色氨酸代谢...
  7. [5分] Science：通过使用核糖体RNA连接让失活的核糖体配对是应激细胞的生存策略...
  8. [5分] 重新定义大脑“护城河”！《Nature》发现脑静脉窦是“智能动态免疫屏障”，实时开关以御外敌...
  9. [5分] Nature：肺癌转移锁定新目标，ATF4蛋白有望为老年患者带来精准治疗希望！...
  10. [5分] 2025年全球畅销药TOP100_医药魔方...

[3/4] 正在生成文章草稿...

[4/4] 正在保存草稿...

============================================================
✅ 完成！
============================================================
草稿文件：/home/admin/.openclaw/workspace/articles/drafts/2026-03-17.md
热点数量：10
信息来源：生物谷, 医药魔方
✅ 草稿生成成功：/home/admin/.openclaw/workspace/articles/drafts/2026-03-17.md
📤 正在自动推送到钉钉...
📤 正在推送 2026-03-17 的医疗健康行业热点日报到钉钉...
📁 文件：/home/admin/.openclaw/workspace/articles/drafts/2026-03-17.md

│
◇  Doctor changes ────────────────────────╮
│                                         │
│  dingtalk configured, not enabled yet.  │
│  wecom configured, not enabled yet.     │
│                                         │
├─────────────────────────────────────────╯
│
◇  Doctor ──────────────────────────────────────────────╮
│                                                       │
│  Run "openclaw doctor --fix" to apply these changes.  │
│                                                       │
├───────────────────────────────────────────────────────╯
✅ Sent via DingTalk. Message ID: w+P7vnwS1RFB0MIRYNy/NzBSCSVYPBZdCX16cKrUjAA=

✅ 钉钉推送完成！

💡 提示：如需发送到公众号，请复制上述内容到公众号后台编辑发布
✅ 钉钉推送完成
📤 正在发布到微信公众号（AI 封面）...
⚠️  AI 生成不可用，将使用 PIL 备用方案
⚠️  AI 生成失败，回退到 PIL 生成
{"success": true, "title": "医疗健康行业热点日报", "template": "viral", "draft_media_id": "mlIxAcc-H66lIBLKzmTMDDHV8ONd0cI8cARCmtYMSN3B4xjwMWKnWjTePMAK5YlP", "preview_html": "/home/admin/skills/wechat-article-publisher/医疗健康行业热点日报-wechat-preview.html", "publish_id": 2247483675}
✅ 微信公众号发布完成（AI 封面）

========================================
执行时间：2026-03-17 14:19:13
========================================
============================================================
医疗健康行业热点抓取系统
============================================================

执行日期：2026-03-17

[1/4] 正在抓取新闻...
正在抓取 生物谷...
  正则匹配到 15 条新闻
  抓取到 15 条新闻
正在抓取 动脉网...
  正则匹配到 0 条新闻
  抓取到 0 条新闻
正在抓取 医药魔方...
  正则匹配到 16 条新闻
  抓取到 15 条新闻
共抓取到 30 条新闻

[2/4] 正在筛选高价值热点...
精选 10 条热点
  1. [15分] Science：突破“不可成药”KRAS！胰腺癌“癌前拦截”显神效，早干预存活率近翻倍...
  2. [12分] 伟哥不仅“助性”，还能救命？！Cell：西地那非展现治疗线粒体疾病Leigh综合征的巨大潜力...
  3. [9分] Cell Death Discov：脑子里的“清道夫”罢工了——揭示一种罕见基因突变如何引发神经“内...
  4. [8分] Brain Med：自主运动或能通过肠道微生物群来重塑机体的色氨酸代谢...
  5. [7分] Hepatology：孙兵研究组合作揭示代谢功能障碍相关脂肪性肝病新机制及潜在干预策略...
  6. [5分] 新冠起源自实验室？Cell：大流行病毒无需预适应人类，自然溢出才是常态...
  7. [5分] Science：通过使用核糖体RNA连接让失活的核糖体配对是应激细胞的生存策略...
  8. [5分] 重新定义大脑“护城河”！《Nature》发现脑静脉窦是“智能动态免疫屏障”，实时开关以御外敌...
  9. [5分] Nature：肺癌转移锁定新目标，ATF4蛋白有望为老年患者带来精准治疗希望！...
  10. [5分] 2025年全球畅销药TOP100_医药魔方...

[3/4] 正在生成文章草稿...

[4/4] 正在保存草稿...

============================================================
✅ 完成！
============================================================
草稿文件：/home/admin/.openclaw/workspace/articles/drafts/2026-03-17.md
热点数量：10
信息来源：医药魔方, 生物谷
✅ 草稿生成成功：/home/admin/.openclaw/workspace/articles/drafts/2026-03-17.md
📤 正在自动推送到钉钉...
📤 正在推送 2026-03-17 的医疗健康行业热点日报到钉钉...
📁 文件：/home/admin/.openclaw/workspace/articles/drafts/2026-03-17.md

│
◇  Doctor changes ────────────────────────╮
│                                         │
│  dingtalk configured, not enabled yet.  │
│  wecom configured, not enabled yet.     │
│                                         │
├─────────────────────────────────────────╯
│
◇  Doctor ──────────────────────────────────────────────╮
│                                                       │
│  Run "openclaw doctor --fix" to apply these changes.  │
│                                                       │
├───────────────────────────────────────────────────────╯
✅ Sent via DingTalk. Message ID: Uqaraj4SOQFDqWAoBMkOUVOiSz9o6pjh7iLKIOWLjBM=

✅ 钉钉推送完成！

💡 提示：如需发送到公众号，请复制上述内容到公众号后台编辑发布
✅ 钉钉推送完成
📤 正在发布到微信公众号（AI 封面）...
⚠️  AI 生成不可用，将使用 PIL 备用方案
⚠️  AI 生成失败，回退到 PIL 生成
{"success": true, "title": "医疗健康行业热点日报", "template": "viral", "draft_media_id": "mlIxAcc-H66lIBLKzmTMDGAyhywVOHPpkot7wQ9FCOl__isRGX9S4MsoFhw0e0Ar", "preview_html": "/home/admin/skills/wechat-article-publisher/医疗健康行业热点日报-wechat-preview.html", "publish_id": 2247483680}
✅ 微信公众号发布完成（AI 封面）

[2026-03-17 16:38:18] ✅ 微信公众号发布成功 - publish_id: 2247483685
========================================
执行时间：2026-03-18 10:15:43
========================================
============================================================
医疗健康行业热点抓取系统
============================================================

执行日期：2026-03-18

[1/4] 正在抓取新闻...
正在抓取 生物谷...
  正则匹配到 15 条新闻
  抓取到 15 条新闻
正在抓取 动脉网...
  正则匹配到 0 条新闻
  抓取到 0 条新闻
正在抓取 医药魔方...
  正则匹配到 16 条新闻
  抓取到 15 条新闻
共抓取到 30 条新闻

[2/4] 正在筛选高价值热点...
精选 10 条热点
  1. [17分] 礼邦医药宣布与 R1 Therapeutics 达成 AP306 股权及海外授权合作协议...
  2. [14分] 从24小时到几分钟，AI虚拟染色如何重塑乳腺癌病理诊断？NPJ Breast Cancer研究给出答...
  3. [9分] Cancer Res：南京医科大学沈历宗等锁定胃癌免疫治疗新靶点，肿瘤丝甘蛋白驱动LAG3+ Tre...
  4. [8分] Cell Metab：解密肠道菌群，西湖大学郭天南等揭示肠道微生物在代谢疾病和衰老种的功能...
  5. [7分] Adv Sci：中山大学谢丹等团队揭示食管癌免疫逃逸新环路...
  6. [5分] 熄灭脑内“炎症之火”！iScience：脑类器官外泌体精准狙击 NLRP3，为难治性抑郁症带来新曙光...
  7. [5分] 从解毒剂到心脏救星：普鲁士蓝纳米颗粒登Nature子刊，开辟心肌缺血再灌注治疗新路径...
  8. [5分] Cell Genom：破解自闭症的“隐藏基因”！新型测序技术揭示遗传统计之外的秘密...
  9. [5分] IF=53！张磊/杨仁池团队领衔完成：AAV基因疗法治疗血友病A的首个安全性及有效性临床评估，为患者...
  10. [5分] 2025年全球畅销药TOP100_医药魔方...

[3/4] 正在生成文章草稿...

[4/4] 正在保存草稿...

============================================================
✅ 完成！
============================================================
草稿文件：/home/admin/.openclaw/workspace/articles/drafts/2026-03-18.md
热点数量：10
信息来源：医药魔方, 生物谷
✅ 草稿生成成功：/home/admin/.openclaw/workspace/articles/drafts/2026-03-18.md
📤 正在自动推送到钉钉...
📤 正在推送 2026-03-18 的医疗健康行业热点日报到钉钉...
📁 文件：/home/admin/.openclaw/workspace/articles/drafts/2026-03-18.md

│
◇  Doctor changes ────────────────────────╮
│                                         │
│  dingtalk configured, not enabled yet.  │
│  wecom configured, not enabled yet.     │
│                                         │
├─────────────────────────────────────────╯
│
◇  Doctor ──────────────────────────────────────────────╮
│                                                       │
│  Run "openclaw doctor --fix" to apply these changes.  │
│                                                       │
├───────────────────────────────────────────────────────╯
✅ Sent via DingTalk. Message ID: nRMZAWesVjqQ/V4ZErkNMUTYp7dpxkhfT6FTwDAtH7M=

✅ 钉钉推送完成！

💡 提示：如需发送到公众号，请复制上述内容到公众号后台编辑发布
✅ 钉钉推送完成
📤 正在发布到微信公众号（AI 封面）...
⚠️  AI 生成不可用，将使用 PIL 备用方案
⚠️  AI 生成失败，回退到 PIL 生成
{"success": true, "title": "医疗健康行业热点日报", "template": "viral", "draft_media_id": "mlIxAcc-H66lIBLKzmTMDAonL6z0XijTYYsGfpq2y_R9uOooGOhrfqN3cTenRUlU", "preview_html": "/home/admin/skills/wechat-article-publisher/医疗健康行业热点日报-wechat-preview.html", "publish_id": 2247483695}
✅ 微信公众号发布完成（AI 封面）

========================================
执行时间：2026-03-18 10:18:57
========================================
============================================================
医疗健康行业热点抓取系统
============================================================

执行日期：2026-03-18

[1/4] 正在抓取新闻...
正在抓取 生物谷...
  正则匹配到 15 条新闻
  抓取到 15 条新闻
正在抓取 动脉网...
  正则匹配到 0 条新闻
  抓取到 0 条新闻
正在抓取 医药魔方...
  正则匹配到 16 条新闻
  抓取到 15 条新闻
共抓取到 30 条新闻

[2/4] 正在筛选高价值热点...
精选 10 条热点
  1. [17分] 礼邦医药宣布与 R1 Therapeutics 达成 AP306 股权及海外授权合作协议...
  2. [14分] 从24小时到几分钟，AI虚拟染色如何重塑乳腺癌病理诊断？NPJ Breast Cancer研究给出答...
  3. [9分] Cancer Res：南京医科大学沈历宗等锁定胃癌免疫治疗新靶点，肿瘤丝甘蛋白驱动LAG3+ Tre...
  4. [8分] Cell Metab：解密肠道菌群，西湖大学郭天南等揭示肠道微生物在代谢疾病和衰老种的功能...
  5. [7分] Adv Sci：中山大学谢丹等团队揭示食管癌免疫逃逸新环路...
  6. [5分] 熄灭脑内“炎症之火”！iScience：脑类器官外泌体精准狙击 NLRP3，为难治性抑郁症带来新曙光...
  7. [5分] 从解毒剂到心脏救星：普鲁士蓝纳米颗粒登Nature子刊，开辟心肌缺血再灌注治疗新路径...
  8. [5分] Cell Genom：破解自闭症的“隐藏基因”！新型测序技术揭示遗传统计之外的秘密...
  9. [5分] IF=53！张磊/杨仁池团队领衔完成：AAV基因疗法治疗血友病A的首个安全性及有效性临床评估，为患者...
  10. [5分] 2025年全球畅销药TOP100_医药魔方...

[3/4] 正在生成文章草稿...

[4/4] 正在保存草稿...

============================================================
✅ 完成！
============================================================
草稿文件：/home/admin/.openclaw/workspace/articles/drafts/2026-03-18.md
热点数量：10
信息来源：生物谷, 医药魔方
✅ 草稿生成成功：/home/admin/.openclaw/workspace/articles/drafts/2026-03-18.md
📤 正在自动推送到钉钉...
📤 正在推送 2026-03-18 的医疗健康行业热点日报到钉钉...
📁 文件：/home/admin/.openclaw/workspace/articles/drafts/2026-03-18.md

│
◇  Doctor changes ────────────────────────╮
│                                         │
│  dingtalk configured, not enabled yet.  │
│  wecom configured, not enabled yet.     │
│                                         │
├─────────────────────────────────────────╯
│
◇  Doctor ──────────────────────────────────────────────╮
│                                                       │
│  Run "openclaw doctor --fix" to apply these changes.  │
│                                                       │
├───────────────────────────────────────────────────────╯
✅ Sent via DingTalk. Message ID: KvkFOk0Oivli8HS0HSpwk7u9SmMToEyziz57BWan7Wk=

✅ 钉钉推送完成！

💡 提示：如需发送到公众号，请复制上述内容到公众号后台编辑发布
✅ 钉钉推送完成
📤 正在发布到微信公众号（AI 封面）...
⚠️  AI 生成不可用，将使用 PIL 备用方案
⚠️  AI 生成失败，回退到 PIL 生成
{"success": true, "title": "医疗健康行业热点日报", "template": "viral", "draft_media_id": "mlIxAcc-H66lIBLKzmTMDK6dkAB6_dDRbwYjjPwNirOUGgnUxaK_bRZSl2zlgIpD", "preview_html": "/home/admin/skills/wechat-article-publisher/医疗健康行业热点日报-wechat-preview.html", "publish_id": 2247483700}
✅ 微信公众号发布完成（AI 封面）

========================================
执行时间：2026-03-18 10:21:01
========================================
============================================================
医疗健康行业热点抓取系统
============================================================

执行日期：2026-03-18

[1/4] 正在抓取新闻...
正在抓取 生物谷...
  正则匹配到 15 条新闻
  抓取到 15 条新闻
正在抓取 动脉网...
  正则匹配到 0 条新闻
  抓取到 0 条新闻
正在抓取 医药魔方...
  正则匹配到 16 条新闻
  抓取到 15 条新闻
共抓取到 30 条新闻

[2/4] 正在筛选高价值热点...
精选 10 条热点
  1. [17分] 礼邦医药宣布与 R1 Therapeutics 达成 AP306 股权及海外授权合作协议...
  2. [14分] 从24小时到几分钟，AI虚拟染色如何重塑乳腺癌病理诊断？NPJ Breast Cancer研究给出答...
  3. [9分] Cancer Res：南京医科大学沈历宗等锁定胃癌免疫治疗新靶点，肿瘤丝甘蛋白驱动LAG3+ Tre...
  4. [8分] Cell Metab：解密肠道菌群，西湖大学郭天南等揭示肠道微生物在代谢疾病和衰老种的功能...
  5. [7分] Adv Sci：中山大学谢丹等团队揭示食管癌免疫逃逸新环路...
  6. [5分] 熄灭脑内“炎症之火”！iScience：脑类器官外泌体精准狙击 NLRP3，为难治性抑郁症带来新曙光...
  7. [5分] 从解毒剂到心脏救星：普鲁士蓝纳米颗粒登Nature子刊，开辟心肌缺血再灌注治疗新路径...
  8. [5分] Cell Genom：破解自闭症的“隐藏基因”！新型测序技术揭示遗传统计之外的秘密...
  9. [5分] IF=53！张磊/杨仁池团队领衔完成：AAV基因疗法治疗血友病A的首个安全性及有效性临床评估，为患者...
  10. [5分] 2025年全球畅销药TOP100_医药魔方...

[3/4] 正在生成文章草稿...

[4/4] 正在保存草稿...

============================================================
✅ 完成！
============================================================
草稿文件：/home/admin/.openclaw/workspace/articles/drafts/2026-03-18.md
热点数量：10
信息来源：医药魔方, 生物谷
✅ 草稿生成成功：/home/admin/.openclaw/workspace/articles/drafts/2026-03-18.md
📤 正在自动推送到钉钉...
📤 正在推送 2026-03-18 的医疗健康行业热点日报到钉钉...
📁 文件：/home/admin/.openclaw/workspace/articles/drafts/2026-03-18.md

/home/admin/.openclaw/workspace/scripts/send_to_dingtalk.sh: line 38: openclaw: command not found
========================================
执行时间：2026-03-18 10:25:01
========================================
============================================================
医疗健康行业热点抓取系统
============================================================

执行日期：2026-03-18

[1/4] 正在抓取新闻...
正在抓取 生物谷...
  正则匹配到 15 条新闻
  抓取到 15 条新闻
正在抓取 动脉网...
  正则匹配到 0 条新闻
  抓取到 0 条新闻
正在抓取 医药魔方...
  正则匹配到 16 条新闻
  抓取到 15 条新闻
共抓取到 30 条新闻

[2/4] 正在筛选高价值热点...
精选 10 条热点
  1. [17分] 礼邦医药宣布与 R1 Therapeutics 达成 AP306 股权及海外授权合作协议...
  2. [14分] 从24小时到几分钟，AI虚拟染色如何重塑乳腺癌病理诊断？NPJ Breast Cancer研究给出答...
  3. [10分] Cell Stem Cell：山东大学荆卫强/姜新义等利用体内CAR技术将致病性Tfh重编程为免疫耐...
  4. [9分] Cancer Res：南京医科大学沈历宗等锁定胃癌免疫治疗新靶点，肿瘤丝甘蛋白驱动LAG3+ Tre...
  5. [8分] Cell Metab：解密肠道菌群，西湖大学郭天南等揭示肠道微生物在代谢疾病和衰老种的功能...
  6. [7分] Adv Sci：中山大学谢丹等团队揭示食管癌免疫逃逸新环路...
  7. [5分] 熄灭脑内“炎症之火”！iScience：脑类器官外泌体精准狙击 NLRP3，为难治性抑郁症带来新曙光...
  8. [5分] 从解毒剂到心脏救星：普鲁士蓝纳米颗粒登Nature子刊，开辟心肌缺血再灌注治疗新路径...
  9. [5分] Cell Genom：破解自闭症的“隐藏基因”！新型测序技术揭示遗传统计之外的秘密...
  10. [5分] IF=53！张磊/杨仁池团队领衔完成：AAV基因疗法治疗血友病A的首个安全性及有效性临床评估，为患者...

[3/4] 正在生成文章草稿...

[4/4] 正在保存草稿...

============================================================
✅ 完成！
============================================================
草稿文件：/home/admin/.openclaw/workspace/articles/drafts/2026-03-18.md
热点数量：10
信息来源：生物谷
✅ 草稿生成成功：/home/admin/.openclaw/workspace/articles/drafts/2026-03-18.md
📤 正在自动推送到钉钉...
📤 正在推送 2026-03-18 的医疗健康行业热点日报到钉钉...
📁 文件：/home/admin/.openclaw/workspace/articles/drafts/2026-03-18.md

/home/admin/.openclaw/workspace/scripts/send_to_dingtalk.sh: line 38: openclaw: command not found
========================================
执行时间：2026-03-18 10:27:03
========================================
============================================================
医疗健康行业热点抓取系统
============================================================

执行日期：2026-03-18

[1/4] 正在抓取新闻...
正在抓取 生物谷...
  正则匹配到 15 条新闻
  抓取到 15 条新闻
正在抓取 动脉网...
  正则匹配到 0 条新闻
  抓取到 0 条新闻
正在抓取 医药魔方...
  正则匹配到 16 条新闻
  抓取到 15 条新闻
共抓取到 30 条新闻

[2/4] 正在筛选高价值热点...
精选 10 条热点
  1. [17分] 礼邦医药宣布与 R1 Therapeutics 达成 AP306 股权及海外授权合作协议...
  2. [14分] 从24小时到几分钟，AI虚拟染色如何重塑乳腺癌病理诊断？NPJ Breast Cancer研究给出答...
  3. [10分] Cell Stem Cell：山东大学荆卫强/姜新义等利用体内CAR技术将致病性Tfh重编程为免疫耐...
  4. [9分] Cancer Res：南京医科大学沈历宗等锁定胃癌免疫治疗新靶点，肿瘤丝甘蛋白驱动LAG3+ Tre...
  5. [8分] Cell Metab：解密肠道菌群，西湖大学郭天南等揭示肠道微生物在代谢疾病和衰老种的功能...
  6. [7分] Adv Sci：中山大学谢丹等团队揭示食管癌免疫逃逸新环路...
  7. [5分] 熄灭脑内“炎症之火”！iScience：脑类器官外泌体精准狙击 NLRP3，为难治性抑郁症带来新曙光...
  8. [5分] 从解毒剂到心脏救星：普鲁士蓝纳米颗粒登Nature子刊，开辟心肌缺血再灌注治疗新路径...
  9. [5分] Cell Genom：破解自闭症的“隐藏基因”！新型测序技术揭示遗传统计之外的秘密...
  10. [5分] IF=53！张磊/杨仁池团队领衔完成：AAV基因疗法治疗血友病A的首个安全性及有效性临床评估，为患者...

[3/4] 正在生成文章草稿...

[4/4] 正在保存草稿...

============================================================
✅ 完成！
============================================================
草稿文件：/home/admin/.openclaw/workspace/articles/drafts/2026-03-18.md
热点数量：10
信息来源：生物谷
✅ 草稿生成成功：/home/admin/.openclaw/workspace/articles/drafts/2026-03-18.md
📤 正在自动推送到钉钉...
📤 正在推送 2026-03-18 的医疗健康行业热点日报到钉钉...
📁 文件：/home/admin/.openclaw/workspace/articles/drafts/2026-03-18.md

│
◇  Doctor changes ────────────────────────╮
│                                         │
│  dingtalk configured, not enabled yet.  │
│  wecom configured, not enabled yet.     │
│                                         │
├─────────────────────────────────────────╯
│
◇  Doctor ──────────────────────────────────────────────╮
│                                                       │
│  Run "openclaw doctor --fix" to apply these changes.  │
│                                                       │
├───────────────────────────────────────────────────────╯
✅ Sent via DingTalk. Message ID: pkTXg+A1Ex3ek8qGe1cRhpog8H07UgmaabLuTOtQW9M=

✅ 钉钉推送完成！

💡 提示：如需发送到公众号，请复制上述内容到公众号后台编辑发布
✅ 钉钉推送完成
📤 正在发布到微信公众号（AI 封面）...
⚠️  AI 生成不可用，将使用 PIL 备用方案
⚠️  AI 生成失败，回退到 PIL 生成
{"success": true, "title": "医疗健康行业热点日报", "template": "viral", "draft_media_id": "mlIxAcc-H66lIBLKzmTMDGzfzKo86BiomvOrMzuYSYZFwPWrUMV9by7n0BIYEFxz", "preview_html": "/home/admin/skills/wechat-article-publisher/医疗健康行业热点日报-wechat-preview.html", "publish_id": 2247483705}
✅ 微信公众号发布完成（AI 封面）

========================================
执行时间：2026-03-18 11:00:06
========================================
============================================================
医疗健康行业热点抓取系统
============================================================

执行日期：2026-03-18

[1/4] 正在抓取新闻...
正在抓取 生物谷...
  正则匹配到 15 条新闻
  抓取到 15 条新闻
正在抓取 动脉网...
  正则匹配到 0 条新闻
  抓取到 0 条新闻
正在抓取 医药魔方...
  正则匹配到 16 条新闻
  抓取到 15 条新闻
共抓取到 30 条新闻

[2/4] 正在筛选高价值热点...
精选 10 条热点
  1. [17分] 礼邦医药宣布与 R1 Therapeutics 达成 AP306 股权及海外授权合作协议...
  2. [14分] 从24小时到几分钟，AI虚拟染色如何重塑乳腺癌病理诊断？NPJ Breast Cancer研究给出答...
  3. [10分] Cell Stem Cell：山东大学荆卫强/姜新义等利用体内CAR技术将致病性Tfh重编程为免疫耐...
  4. [9分] Cancer Res：南京医科大学沈历宗等锁定胃癌免疫治疗新靶点，肿瘤丝甘蛋白驱动LAG3+ Tre...
  5. [8分] Cell Metab：解密肠道菌群，西湖大学郭天南等揭示肠道微生物在代谢疾病和衰老种的功能...
  6. [7分] Adv Sci：中山大学谢丹等团队揭示食管癌免疫逃逸新环路...
  7. [5分] 熄灭脑内“炎症之火”！iScience：脑类器官外泌体精准狙击 NLRP3，为难治性抑郁症带来新曙光...
  8. [5分] 从解毒剂到心脏救星：普鲁士蓝纳米颗粒登Nature子刊，开辟心肌缺血再灌注治疗新路径...
  9. [5分] Cell Genom：破解自闭症的“隐藏基因”！新型测序技术揭示遗传统计之外的秘密...
  10. [5分] IF=53！张磊/杨仁池团队领衔完成：AAV基因疗法治疗血友病A的首个安全性及有效性临床评估，为患者...

[3/4] 正在生成文章草稿...

[4/4] 正在保存草稿...

============================================================
✅ 完成！
============================================================
草稿文件：/home/admin/.openclaw/workspace/articles/drafts/2026-03-18.md
热点数量：10
信息来源：生物谷
✅ 草稿生成成功：/home/admin/.openclaw/workspace/articles/drafts/2026-03-18.md
📤 正在自动推送到钉钉...
📤 正在推送 2026-03-18 的医疗健康行业热点日报到钉钉...
📁 文件：/home/admin/.openclaw/workspace/articles/drafts/2026-03-18.md

│
◇  Doctor changes ────────────────────────╮
│                                         │
│  dingtalk configured, not enabled yet.  │
│  wecom configured, not enabled yet.     │
│                                         │
├─────────────────────────────────────────╯
│
◇  Doctor ──────────────────────────────────────────────╮
│                                                       │
│  Run "openclaw doctor --fix" to apply these changes.  │
│                                                       │
├───────────────────────────────────────────────────────╯
✅ Sent via DingTalk. Message ID: YfvDLjvBmhkf3lzaaGz9pLR8WXHSw4RfWwEmI3apu1k=

✅ 钉钉推送完成！

💡 提示：如需发送到公众号，请复制上述内容到公众号后台编辑发布
✅ 钉钉推送完成
📤 正在发布到微信公众号（AI 封面）...
⚠️  AI 生成不可用，将使用 PIL 备用方案
⚠️  AI 生成失败，回退到 PIL 生成
{"success": true, "title": "医疗健康行业热点日报", "template": "viral", "draft_media_id": "mlIxAcc-H66lIBLKzmTMDMtO7XJuJWBqogcBqiw7mxIXShXSMnYwXBXrjlN3Qo-D", "preview_html": "/home/admin/skills/wechat-article-publisher/医疗健康行业热点日报-wechat-preview.html", "publish_id": 2247483710}
✅ 微信公众号发布完成（AI 封面）

========================================
执行时间：2026-03-18 11:25:01
========================================
============================================================
医疗健康行业热点抓取系统
============================================================

执行日期：2026-03-18

[1/4] 正在抓取新闻...
正在抓取 生物谷...
  正则匹配到 15 条新闻
  抓取到 15 条新闻
正在抓取 动脉网...
  正则匹配到 0 条新闻
  抓取到 0 条新闻
正在抓取 医药魔方...
  正则匹配到 16 条新闻
  抓取到 15 条新闻
共抓取到 30 条新闻

[2/4] 正在筛选高价值热点...
精选 10 条热点
  1. [17分] 礼邦医药宣布与 R1 Therapeutics 达成 AP306 股权及海外授权合作协议...
  2. [14分] 从24小时到几分钟，AI虚拟染色如何重塑乳腺癌病理诊断？NPJ Breast Cancer研究给出答...
  3. [12分] 打破实体瘤困境？Cell：科学家发现肝脏天然产物BHB可“点燃”CAR-T细胞，大幅提升抗癌能力...
  4. [10分] Cell Stem Cell：山东大学荆卫强/姜新义等利用体内CAR技术将致病性Tfh重编程为免疫耐...
  5. [9分] Cancer Res：南京医科大学沈历宗等锁定胃癌免疫治疗新靶点，肿瘤丝甘蛋白驱动LAG3+ Tre...
  6. [7分] Adv Sci：中山大学谢丹等团队揭示食管癌免疫逃逸新环路...
  7. [5分] 熄灭脑内“炎症之火”！iScience：脑类器官外泌体精准狙击 NLRP3，为难治性抑郁症带来新曙光...
  8. [5分] 从解毒剂到心脏救星：普鲁士蓝纳米颗粒登Nature子刊，开辟心肌缺血再灌注治疗新路径...
  9. [5分] Cell Genom：破解自闭症的“隐藏基因”！新型测序技术揭示遗传统计之外的秘密...
  10. [5分] IF=53！张磊/杨仁池团队领衔完成：AAV基因疗法治疗血友病A的首个安全性及有效性临床评估，为患者...

[3/4] 正在生成文章草稿...

[4/4] 正在保存草稿...

============================================================
✅ 完成！
============================================================
草稿文件：/home/admin/.openclaw/workspace/articles/drafts/2026-03-18.md
热点数量：10
信息来源：生物谷
✅ 草稿生成成功：/home/admin/.openclaw/workspace/articles/drafts/2026-03-18.md
📤 正在自动推送到钉钉...
📤 正在推送 2026-03-18 的医疗健康行业热点日报到钉钉...
📁 文件：/home/admin/.openclaw/workspace/articles/drafts/2026-03-18.md

/home/admin/.openclaw/workspace/scripts/send_to_dingtalk.sh: line 38: openclaw: command not found
========================================
执行时间：2026-03-18 11:40:01
========================================
============================================================
医疗健康行业热点抓取系统
============================================================

执行日期：2026-03-18

[1/4] 正在抓取新闻...
正在抓取 生物谷...
  正则匹配到 15 条新闻
  抓取到 15 条新闻
正在抓取 动脉网...
  正则匹配到 0 条新闻
  抓取到 0 条新闻
正在抓取 医药魔方...
  正则匹配到 16 条新闻
  抓取到 15 条新闻
共抓取到 30 条新闻

[2/4] 正在筛选高价值热点...
精选 10 条热点
  1. [17分] 礼邦医药宣布与 R1 Therapeutics 达成 AP306 股权及海外授权合作协议...
  2. [14分] 从24小时到几分钟，AI虚拟染色如何重塑乳腺癌病理诊断？NPJ Breast Cancer研究给出答...
  3. [12分] 打破实体瘤困境？Cell：科学家发现肝脏天然产物BHB可“点燃”CAR-T细胞，大幅提升抗癌能力...
  4. [10分] Cell Stem Cell：山东大学荆卫强/姜新义等利用体内CAR技术将致病性Tfh重编程为免疫耐...
  5. [9分] Cancer Res：南京医科大学沈历宗等锁定胃癌免疫治疗新靶点，肿瘤丝甘蛋白驱动LAG3+ Tre...
  6. [7分] Adv Sci：中山大学谢丹等团队揭示食管癌免疫逃逸新环路...
  7. [5分] 熄灭脑内“炎症之火”！iScience：脑类器官外泌体精准狙击 NLRP3，为难治性抑郁症带来新曙光...
  8. [5分] 从解毒剂到心脏救星：普鲁士蓝纳米颗粒登Nature子刊，开辟心肌缺血再灌注治疗新路径...
  9. [5分] Cell Genom：破解自闭症的“隐藏基因”！新型测序技术揭示遗传统计之外的秘密...
  10. [5分] 2025年全球畅销药TOP100_医药魔方...

[3/4] 正在生成文章草稿...

[4/4] 正在保存草稿...

============================================================
✅ 完成！
============================================================
草稿文件：/home/admin/.openclaw/workspace/articles/drafts/2026-03-18.md
热点数量：10
信息来源：生物谷, 医药魔方
✅ 草稿生成成功：/home/admin/.openclaw/workspace/articles/drafts/2026-03-18.md
📤 正在自动推送到钉钉...
📤 正在推送 2026-03-18 的医疗健康行业热点日报到钉钉...
📁 文件：/home/admin/.openclaw/workspace/articles/drafts/2026-03-18.md

│
◇  Doctor changes ────────────────────────╮
│                                         │
│  dingtalk configured, not enabled yet.  │
│  wecom configured, not enabled yet.     │
│                                         │
├─────────────────────────────────────────╯
│
◇  Doctor ──────────────────────────────────────────────╮
│                                                       │
│  Run "openclaw doctor --fix" to apply these changes.  │
│                                                       │
├───────────────────────────────────────────────────────╯
✅ Sent via DingTalk. Message ID: e4wN+H+Olh3O7YIfTVEZqlcFdLkY/tVVeT4EC4kpCXg=

✅ 钉钉推送完成！

💡 提示：如需发送到公众号，请复制上述内容到公众号后台编辑发布
✅ 钉钉推送完成
📤 正在发布到微信公众号（AI 封面）...
⚠️  AI 生成不可用，将使用 PIL 备用方案
⚠️  AI 生成失败，回退到 PIL 生成
{"success": true, "title": "医疗健康行业热点日报", "template": "viral", "draft_media_id": "mlIxAcc-H66lIBLKzmTMDJRLYko3TEsjzKm5oW6DzYniH9zlxJXLKqkwtizp1Bq5", "preview_html": "/home/admin/skills/wechat-article-publisher/医疗健康行业热点日报-wechat-preview.html", "publish_id": 2247483715}
✅ 微信公众号发布完成（AI 封面）

========================================
执行时间：2026-04-02 09:43:12
========================================
============================================================
医疗健康行业热点抓取系统
============================================================

执行日期：2026-04-02

[1/4] 正在抓取新闻...
正在抓取 生物谷...
  正则匹配到 15 条新闻
  抓取到 15 条新闻
正在抓取 动脉网...
  正则匹配到 0 条新闻
  抓取到 0 条新闻
正在抓取 医药魔方...
  正则匹配到 10 条新闻
  抓取到 10 条新闻
共抓取到 25 条新闻

[2/4] 正在筛选高价值热点...
精选 10 条热点
  1. [16分] Nature：被忽视的免疫“指挥官”——胸腺健康决定机体的寿命和抗癌疗效！...
  2. [15分] 华人学者一作，实体瘤CAR-T治疗迎来重大突破！《Cell》设计出新型CAR-T细胞，通过靶向uPA...
  3. [15分] Cell Death &amp; Differ：上海交通大学管阳太等团队发现脐带间充质干细胞治疗视神...
  4. [14分] Science子刊：关闭大脑免疫细胞的&quot;钙开关&quot;，抑制 Orai1 通道或将开辟...
  5. [13分] 中山大学邝栋明等团队合作3篇NCB及Cell Res...
  6. [13分] Dev Cell：肿瘤的&quot;冬眠&quot;策略，上海交通大学朱纯超等发现释放T细胞监视，根...
  7. [11分] IF=53！同济大学刘中民/孙毅/韩薇团队发布全球首项多剂量脐带干细胞治疗心衰的研究结果...
  8. [10分] Small：上海大学耿弼江/潘登余团队设计温和NIR-II热疗联合异质结增强型声催化免疫疗法...
  9. [9分] Cell Stem Cell：上海交通大学张诗宜团队构建工程化间充质干细胞实现系统性免疫重编程...
  10. [7分] Nat Communi：王艳东/陈卫东团队揭示肝癌治疗中新的代谢脆弱点...

[3/4] 正在生成文章草稿...

[4/4] 正在保存草稿...

============================================================
✅ 完成！
============================================================
草稿文件：/home/admin/.openclaw/workspace/articles/drafts/2026-04-02.md
热点数量：10
信息来源：生物谷
✅ 草稿生成成功：/home/admin/.openclaw/workspace/articles/drafts/2026-04-02.md
📤 正在自动推送到钉钉...
📤 正在推送 2026-04-02 的医疗健康行业热点日报到钉钉...
📁 文件：/home/admin/.openclaw/workspace/articles/drafts/2026-04-02.md

│
◇  Doctor changes ────────────────────────╮
│                                         │
│  dingtalk configured, not enabled yet.  │
│  wecom configured, not enabled yet.     │
│                                         │
├─────────────────────────────────────────╯
│
◇  Doctor ──────────────────────────────────────────────╮
│                                                       │
│  Run "openclaw doctor --fix" to apply these changes.  │
│                                                       │
├───────────────────────────────────────────────────────╯
✅ Sent via DingTalk. Message ID: nWe+eguHEXvesHXLa6nlIz/Zlm6camLUn26smCZwzsE=

✅ 钉钉推送完成！

💡 提示：如需发送到公众号，请复制上述内容到公众号后台编辑发布
✅ 钉钉推送完成
📤 正在发布到微信公众号（AI 封面）...
⚠️  AI 生成不可用，将使用 PIL 备用方案
⚠️  AI 生成失败，回退到 PIL 生成
{"success": true, "title": "医疗健康行业热点日报", "template": "viral", "draft_media_id": "mlIxAcc-H66lIBLKzmTMDKIRfFSOVngKAwlxIaf9Ujm6kDFd7CRwIu4hZ6Qb7hbr", "preview_html": "/home/admin/skills/wechat-article-publisher/医疗健康行业热点日报-wechat-preview.html", "publish_id": 2247483740}
✅ 微信公众号发布完成（AI 封面）

